2026-08-28 14:35:40 | INFO     | main | Bot Web Scanner de Supermercados — iniciando execução
2026-08-28 14:35:40 | INFO     | main | ======================================================================
2026-08-28 14:35:40 | INFO     | main | Iniciando coleta no site: Rede Serve Mais (https://redeservemais.com.br/ofertas_2/)
2026-08-28 14:35:40 | INFO     | main | ======================================================================
2026-08-28 14:35:40 | INFO     | scraper.html_scraper | Iniciando navegador headless para renderizar: https://redeservemais.com.br/ofertas_2/
2026-08-28 14:35:47 | INFO     | scraper.html_scraper | Página renderizada com sucesso: https://redeservemais.com.br/ofertas_2/
2026-08-28 14:35:50 | INFO     | scraper.image_capture | Encontradas 93 imagens candidatas a encarte/oferta em https://redeservemais.com.br/ofertas_2/
2026-08-28 14:35:51 | WARNING  | scraper.image_capture | Falha ao baixar imagem https://redeservemais.com.br/wp-content/uploads/2025/12/Mensal-Dezembro-WEB_80.webp: 404 Client Error: Not Found for url: https://redeservemais.com.br/wp-content/uploads/2025/12/Mensal-Dezembro-WEB_80.webp
2026-08-28 14:35:51 | WARNING  | scraper.image_capture | Falha ao baixar imagem https://redeservemais.com.br/wp-content/uploads/2025/12/Mensal-Dezembro-WEB_81.webp: 404 Client Error: Not Found for url: https://redeservemais.com.br/wp-content/uploads/2025/12/Mensal-Dezembro-WEB_81.webp
2026-08-28 14:35:51 | WARNING  | scraper.image_capture | Falha ao baixar imagem https://redeservemais.com.br/wp-content/uploads/2025/12/Mensal-Dezembro-WEB_82.webp: 404 Client Error: Not Found for url: https://redeservemais.com.br/wp-content/uploads/2025/12/Mensal-Dezembro-WEB_82.webp
2026-08-28 14:35:51 | WARNING  | scraper.image_capture | Falha ao baixar imagem https://redeservemais.com.br/wp-content/uploads/2025/12/Mensal-Dezembro-WEB_83.webp: 404 Client Error: Not Found for url: https://redeservemais.com.br/wp-content/uploads/2025/12/Mensal-Dezembro-WEB_83.webp
2026-08-28 14:35:51 | WARNING  | scraper.image_capture | Falha ao baixar imagem https://redeservemais.com.br/wp-content/uploads/2025/12/Mensal-Dezembro-WEB_84.webp: 404 Client Error: Not Found for url: https://redeservemais.com.br/wp-content/uploads/2025/12/Mensal-Dezembro-WEB_84.webp
2026-08-28 14:35:51 | WARNING  | scraper.image_capture | Falha ao baixar imagem https://redeservemais.com.br/wp-content/uploads/2025/12/Mensal-Dezembro-WEB_85.webp: 404 Client Error: Not Found for url: https://redeservemais.com.br/wp-content/uploads/2025/12/Mensal-Dezembro-WEB_85.webp
2026-08-28 14:35:51 | WARNING  | scraper.image_capture | Falha ao baixar imagem https://redeservemais.com.br/wp-content/uploads/2025/12/Mensal-Dezembro-WEB_86.webp: 404 Client Error: Not Found for url: https://redeservemais.com.br/wp-content/uploads/2025/12/Mensal-Dezembro-WEB_86.webp
2026-08-28 14:35:51 | WARNING  | scraper.image_capture | Falha ao baixar imagem https://redeservemais.com.br/wp-content/uploads/2025/12/Mensal-Dezembro-WEB_87.webp: 404 Client Error: Not Found for url: https://redeservemais.com.br/wp-content/uploads/2025/12/Mensal-Dezembro-WEB_87.webp
2026-08-28 14:35:51 | WARNING  | scraper.image_capture | Falha ao baixar imagem https://redeservemais.com.br/wp-content/uploads/2025/12/Mensal-Dezembro-WEB_88.webp: 404 Client Error: Not Found for url: https://redeservemais.com.br/wp-content/uploads/2025/12/Mensal-Dezembro-WEB_88.webp
2026-08-28 14:35:51 | WARNING  | scraper.image_capture | Falha ao baixar imagem https://redeservemais.com.br/wp-content/uploads/2025/12/Mensal-Dezembro-WEB_89.webp: 404 Client Error: Not Found for url: https://redeservemais.com.br/wp-content/uploads/2025/12/Mensal-Dezembro-WEB_89.webp
2026-08-28 14:35:52 | WARNING  | scraper.image_capture | Falha ao baixar imagem https://redeservemais.com.br/wp-content/uploads/2025/12/Mensal-Dezembro-WEB_90.webp: 404 Client Error: Not Found for url: https://redeservemais.com.br/wp-content/uploads/2025/12/Mensal-Dezembro-WEB_90.webp
2026-08-28 14:35:52 | WARNING  | scraper.image_capture | Falha ao baixar imagem https://redeservemais.com.br/wp-content/uploads/2026/03/Fecha-mes-2.png: 404 Client Error: Not Found for url: https://redeservemais.com.br/wp-content/uploads/2026/03/Fecha-mes-2.png
2026-08-28 14:35:52 | WARNING  | scraper.image_capture | Falha ao baixar imagem https://redeservemais.com.br/wp-content/uploads/2026/03/Fecha-mes-3.png: 404 Client Error: Not Found for url: https://redeservemais.com.br/wp-content/uploads/2026/03/Fecha-mes-3.png
2026-08-28 14:35:52 | DEBUG    | scraper.image_capture | Imagem salva: C:\Users\USUARIO\Documents\Projetos\supermarket_scanner\output\imagens_capturadas\rede_serve_mais\Banner-web1.webp
2026-08-28 14:35:52 | DEBUG    | scraper.image_capture | Imagem salva: C:\Users\USUARIO\Documents\Projetos\supermarket_scanner\output\imagens_capturadas\rede_serve_mais\Dias-Mais-Abr2026-WEB2_1.webp
2026-08-28 14:35:52 | DEBUG    | scraper.image_capture | Imagem salva: C:\Users\USUARIO\Documents\Projetos\supermarket_scanner\output\imagens_capturadas\rede_serve_mais\Dias-Mais-Abr2026-WEB2_12_1.webp
2026-08-28 14:35:52 | DEBUG    | scraper.image_capture | Imagem salva: C:\Users\USUARIO\Documents\Projetos\supermarket_scanner\output\imagens_capturadas\rede_serve_mais\Dias-Mais-Abr2026-WEB2_16.webp
2026-08-28 14:35:52 | DEBUG    | scraper.image_capture | Imagem salva: C:\Users\USUARIO\Documents\Projetos\supermarket_scanner\output\imagens_capturadas\rede_serve_mais\Dias-Mais-Abr2026-WEB2_2.webp
2026-08-28 14:35:53 | DEBUG    | scraper.image_capture | Imagem salva: C:\Users\USUARIO\Documents\Projetos\supermarket_scanner\output\imagens_capturadas\rede_serve_mais\Dias-Mais-Abr2026-WEB2_3.webp
2026-08-28 14:35:53 | DEBUG    | scraper.image_capture | Imagem salva: C:\Users\USUARIO\Documents\Projetos\supermarket_scanner\output\imagens_capturadas\rede_serve_mais\Dias-Mais-Abr2026-WEB_10.webp
2026-08-28 14:35:53 | DEBUG    | scraper.image_capture | Imagem salva: C:\Users\USUARIO\Documents\Projetos\supermarket_scanner\output\imagens_capturadas\rede_serve_mais\Dias-Mais-Abr2026-WEB_12_1.webp
2026-08-28 14:35:53 | DEBUG    | scraper.image_capture | Imagem salva: C:\Users\USUARIO\Documents\Projetos\supermarket_scanner\output\imagens_capturadas\rede_serve_mais\Dias-Mais-Abr2026-WEB_15.webp
2026-08-28 14:35:53 | DEBUG    | scraper.image_capture | Imagem salva: C:\Users\USUARIO\Documents\Projetos\supermarket_scanner\output\imagens_capturadas\rede_serve_mais\Dias-Mais-Abr2026-WEB_17.webp
2026-08-28 14:35:53 | DEBUG    | scraper.image_capture | Imagem salva: C:\Users\USUARIO\Documents\Projetos\supermarket_scanner\output\imagens_capturadas\rede_serve_mais\Dias-Mais-Abr2026-WEB_4.webp
2026-08-28 14:35:53 | DEBUG    | scraper.image_capture | Imagem salva: C:\Users\USUARIO\Documents\Projetos\supermarket_scanner\output\imagens_capturadas\rede_serve_mais\Dias-Mais-Abr2026-WEB_5.webp
2026-08-28 14:35:53 | DEBUG    | scraper.image_capture | Imagem salva: C:\Users\USUARIO\Documents\Projetos\supermarket_scanner\output\imagens_capturadas\rede_serve_mais\Dias-Mais-Abr2026-WEB_6.webp
2026-08-28 14:35:53 | DEBUG    | scraper.image_capture | Imagem salva: C:\Users\USUARIO\Documents\Projetos\supermarket_scanner\output\imagens_capturadas\rede_serve_mais\Dias-Mais-Abr2026-WEB_7.webp
2026-08-28 14:35:54 | DEBUG    | scraper.image_capture | Imagem salva: C:\Users\USUARIO\Documents\Projetos\supermarket_scanner\output\imagens_capturadas\rede_serve_mais\Dias-Mais-Abr2026-WEB_8.webp
2026-08-28 14:35:54 | DEBUG    | scraper.image_capture | Imagem salva: C:\Users\USUARIO\Documents\Projetos\supermarket_scanner\output\imagens_capturadas\rede_serve_mais\Dias-Mais-Abr2026-WEB_9.webp
2026-08-28 14:35:54 | DEBUG    | scraper.image_capture | Imagem salva: C:\Users\USUARIO\Documents\Projetos\supermarket_scanner\output\imagens_capturadas\rede_serve_mais\Fecha-Mes-Ago2026-WEB_1-261x300.webp
2026-08-28 14:35:54 | DEBUG    | scraper.image_capture | Imagem salva: C:\Users\USUARIO\Documents\Projetos\supermarket_scanner\output\imagens_capturadas\rede_serve_mais\Fecha-Mes-Ago2026-WEB_10-261x300.webp
2026-08-28 14:35:54 | DEBUG    | scraper.image_capture | Imagem salva: C:\Users\USUARIO\Documents\Projetos\supermarket_scanner\output\imagens_capturadas\rede_serve_mais\Fecha-Mes-Ago2026-WEB_11-261x300.webp
2026-08-28 14:35:54 | DEBUG    | scraper.image_capture | Imagem salva: C:\Users\USUARIO\Documents\Projetos\supermarket_scanner\output\imagens_capturadas\rede_serve_mais\Fecha-Mes-Ago2026-WEB_12-261x300.webp
2026-08-28 14:35:54 | DEBUG    | scraper.image_capture | Imagem salva: C:\Users\USUARIO\Documents\Projetos\supermarket_scanner\output\imagens_capturadas\rede_serve_mais\Fecha-Mes-Ago2026-WEB_13-261x300.webp
2026-08-28 14:35:54 | DEBUG    | scraper.image_capture | Imagem salva: C:\Users\USUARIO\Documents\Projetos\supermarket_scanner\output\imagens_capturadas\rede_serve_mais\Fecha-Mes-Ago2026-WEB_14-261x300.webp
2026-08-28 14:35:54 | DEBUG    | scraper.image_capture | Imagem salva: C:\Users\USUARIO\Documents\Projetos\supermarket_scanner\output\imagens_capturadas\rede_serve_mais\Fecha-Mes-Ago2026-WEB_15-261x300.webp
2026-08-28 14:35:54 | DEBUG    | scraper.image_capture | Imagem salva: C:\Users\USUARIO\Documents\Projetos\supermarket_scanner\output\imagens_capturadas\rede_serve_mais\Fecha-Mes-Ago2026-WEB_16-261x300.webp
2026-08-28 14:35:54 | DEBUG    | scraper.image_capture | Imagem salva: C:\Users\USUARIO\Documents\Projetos\supermarket_scanner\output\imagens_capturadas\rede_serve_mais\Fecha-Mes-Ago2026-WEB_17-261x300.webp
2026-08-28 14:35:55 | DEBUG    | scraper.image_capture | Imagem salva: C:\Users\USUARIO\Documents\Projetos\supermarket_scanner\output\imagens_capturadas\rede_serve_mais\Fecha-Mes-Ago2026-WEB_18-261x300.webp
2026-08-28 14:35:55 | DEBUG    | scraper.image_capture | Imagem salva: C:\Users\USUARIO\Documents\Projetos\supermarket_scanner\output\imagens_capturadas\rede_serve_mais\Fecha-Mes-Ago2026-WEB_19-261x300.webp
2026-08-28 14:35:55 | DEBUG    | scraper.image_capture | Imagem salva: C:\Users\USUARIO\Documents\Projetos\supermarket_scanner\output\imagens_capturadas\rede_serve_mais\Fecha-Mes-Ago2026-WEB_2-261x300.webp
2026-08-28 14:35:55 | DEBUG    | scraper.image_capture | Imagem salva: C:\Users\USUARIO\Documents\Projetos\supermarket_scanner\output\imagens_capturadas\rede_serve_mais\Fecha-Mes-Ago2026-WEB_20-261x300.webp
2026-08-28 14:35:55 | DEBUG    | scraper.image_capture | Imagem salva: C:\Users\USUARIO\Documents\Projetos\supermarket_scanner\output\imagens_capturadas\rede_serve_mais\Fecha-Mes-Ago2026-WEB_21-261x300.webp
2026-08-28 14:35:55 | DEBUG    | scraper.image_capture | Imagem salva: C:\Users\USUARIO\Documents\Projetos\supermarket_scanner\output\imagens_capturadas\rede_serve_mais\Fecha-Mes-Ago2026-WEB_22-261x300.webp
2026-08-28 14:35:55 | DEBUG    | scraper.image_capture | Imagem salva: C:\Users\USUARIO\Documents\Projetos\supermarket_scanner\output\imagens_capturadas\rede_serve_mais\Fecha-Mes-Ago2026-WEB_23-261x300.webp
2026-08-28 14:35:55 | DEBUG    | scraper.image_capture | Imagem salva: C:\Users\USUARIO\Documents\Projetos\supermarket_scanner\output\imagens_capturadas\rede_serve_mais\Fecha-Mes-Ago2026-WEB_24-261x300.webp
2026-08-28 14:35:56 | DEBUG    | scraper.image_capture | Imagem salva: C:\Users\USUARIO\Documents\Projetos\supermarket_scanner\output\imagens_capturadas\rede_serve_mais\Fecha-Mes-Ago2026-WEB_25-261x300.webp
2026-08-28 14:35:56 | DEBUG    | scraper.image_capture | Imagem salva: C:\Users\USUARIO\Documents\Projetos\supermarket_scanner\output\imagens_capturadas\rede_serve_mais\Fecha-Mes-Ago2026-WEB_26-261x300.webp
2026-08-28 14:35:56 | DEBUG    | scraper.image_capture | Imagem salva: C:\Users\USUARIO\Documents\Projetos\supermarket_scanner\output\imagens_capturadas\rede_serve_mais\Fecha-Mes-Ago2026-WEB_27-261x300.webp
2026-08-28 14:35:56 | DEBUG    | scraper.image_capture | Imagem salva: C:\Users\USUARIO\Documents\Projetos\supermarket_scanner\output\imagens_capturadas\rede_serve_mais\Fecha-Mes-Ago2026-WEB_28-261x300.webp
2026-08-28 14:35:56 | DEBUG    | scraper.image_capture | Imagem salva: C:\Users\USUARIO\Documents\Projetos\supermarket_scanner\output\imagens_capturadas\rede_serve_mais\Fecha-Mes-Ago2026-WEB_29-261x300.webp
2026-08-28 14:35:56 | DEBUG    | scraper.image_capture | Imagem salva: C:\Users\USUARIO\Documents\Projetos\supermarket_scanner\output\imagens_capturadas\rede_serve_mais\Fecha-Mes-Ago2026-WEB_3-261x300.webp
2026-08-28 14:35:56 | DEBUG    | scraper.image_capture | Imagem salva: C:\Users\USUARIO\Documents\Projetos\supermarket_scanner\output\imagens_capturadas\rede_serve_mais\Fecha-Mes-Ago2026-WEB_30-261x300.webp
2026-08-28 14:35:56 | DEBUG    | scraper.image_capture | Imagem salva: C:\Users\USUARIO\Documents\Projetos\supermarket_scanner\output\imagens_capturadas\rede_serve_mais\Fecha-Mes-Ago2026-WEB_31-261x300.webp
2026-08-28 14:35:56 | DEBUG    | scraper.image_capture | Imagem salva: C:\Users\USUARIO\Documents\Projetos\supermarket_scanner\output\imagens_capturadas\rede_serve_mais\Fecha-Mes-Ago2026-WEB_32-261x300.webp
2026-08-28 14:35:57 | DEBUG    | scraper.image_capture | Imagem salva: C:\Users\USUARIO\Documents\Projetos\supermarket_scanner\output\imagens_capturadas\rede_serve_mais\Fecha-Mes-Ago2026-WEB_33-261x300.webp
2026-08-28 14:35:57 | DEBUG    | scraper.image_capture | Imagem salva: C:\Users\USUARIO\Documents\Projetos\supermarket_scanner\output\imagens_capturadas\rede_serve_mais\Fecha-Mes-Ago2026-WEB_34-261x300.webp
2026-08-28 14:35:57 | DEBUG    | scraper.image_capture | Imagem salva: C:\Users\USUARIO\Documents\Projetos\supermarket_scanner\output\imagens_capturadas\rede_serve_mais\Fecha-Mes-Ago2026-WEB_35-261x300.webp
2026-08-28 14:35:57 | DEBUG    | scraper.image_capture | Imagem salva: C:\Users\USUARIO\Documents\Projetos\supermarket_scanner\output\imagens_capturadas\rede_serve_mais\Fecha-Mes-Ago2026-WEB_36-261x300.webp
2026-08-28 14:35:57 | DEBUG    | scraper.image_capture | Imagem salva: C:\Users\USUARIO\Documents\Projetos\supermarket_scanner\output\imagens_capturadas\rede_serve_mais\Fecha-Mes-Ago2026-WEB_37-261x300.webp
2026-08-28 14:35:57 | DEBUG    | scraper.image_capture | Imagem salva: C:\Users\USUARIO\Documents\Projetos\supermarket_scanner\output\imagens_capturadas\rede_serve_mais\Fecha-Mes-Ago2026-WEB_38-261x300.webp
2026-08-28 14:35:57 | DEBUG    | scraper.image_capture | Imagem salva: C:\Users\USUARIO\Documents\Projetos\supermarket_scanner\output\imagens_capturadas\rede_serve_mais\Fecha-Mes-Ago2026-WEB_39-261x300.webp
2026-08-28 14:35:57 | DEBUG    | scraper.image_capture | Imagem salva: C:\Users\USUARIO\Documents\Projetos\supermarket_scanner\output\imagens_capturadas\rede_serve_mais\Fecha-Mes-Ago2026-WEB_4-261x300.webp
2026-08-28 14:35:57 | DEBUG    | scraper.image_capture | Imagem salva: C:\Users\USUARIO\Documents\Projetos\supermarket_scanner\output\imagens_capturadas\rede_serve_mais\Fecha-Mes-Ago2026-WEB_40-261x300.webp
2026-08-28 14:35:58 | DEBUG    | scraper.image_capture | Imagem salva: C:\Users\USUARIO\Documents\Projetos\supermarket_scanner\output\imagens_capturadas\rede_serve_mais\Fecha-Mes-Ago2026-WEB_41-261x300.webp
2026-08-28 14:35:58 | DEBUG    | scraper.image_capture | Imagem salva: C:\Users\USUARIO\Documents\Projetos\supermarket_scanner\output\imagens_capturadas\rede_serve_mais\Fecha-Mes-Ago2026-WEB_43-261x300.webp
2026-08-28 14:35:58 | DEBUG    | scraper.image_capture | Imagem salva: C:\Users\USUARIO\Documents\Projetos\supermarket_scanner\output\imagens_capturadas\rede_serve_mais\Fecha-Mes-Ago2026-WEB_44-261x300.webp
2026-08-28 14:35:58 | DEBUG    | scraper.image_capture | Imagem salva: C:\Users\USUARIO\Documents\Projetos\supermarket_scanner\output\imagens_capturadas\rede_serve_mais\Fecha-Mes-Ago2026-WEB_45-261x300.webp
2026-08-28 14:35:58 | DEBUG    | scraper.image_capture | Imagem salva: C:\Users\USUARIO\Documents\Projetos\supermarket_scanner\output\imagens_capturadas\rede_serve_mais\Fecha-Mes-Ago2026-WEB_46-261x300.webp
2026-08-28 14:35:58 | DEBUG    | scraper.image_capture | Imagem salva: C:\Users\USUARIO\Documents\Projetos\supermarket_scanner\output\imagens_capturadas\rede_serve_mais\Fecha-Mes-Ago2026-WEB_47-261x300.webp
2026-08-28 14:35:58 | DEBUG    | scraper.image_capture | Imagem salva: C:\Users\USUARIO\Documents\Projetos\supermarket_scanner\output\imagens_capturadas\rede_serve_mais\Fecha-Mes-Ago2026-WEB_48-261x300.webp
2026-08-28 14:35:58 | DEBUG    | scraper.image_capture | Imagem salva: C:\Users\USUARIO\Documents\Projetos\supermarket_scanner\output\imagens_capturadas\rede_serve_mais\Fecha-Mes-Ago2026-WEB_49-261x300.webp
2026-08-28 14:35:58 | DEBUG    | scraper.image_capture | Imagem salva: C:\Users\USUARIO\Documents\Projetos\supermarket_scanner\output\imagens_capturadas\rede_serve_mais\Fecha-Mes-Ago2026-WEB_5-261x300.webp
2026-08-28 14:35:58 | DEBUG    | scraper.image_capture | Imagem salva: C:\Users\USUARIO\Documents\Projetos\supermarket_scanner\output\imagens_capturadas\rede_serve_mais\Fecha-Mes-Ago2026-WEB_50-261x300.webp
2026-08-28 14:35:59 | DEBUG    | scraper.image_capture | Imagem salva: C:\Users\USUARIO\Documents\Projetos\supermarket_scanner\output\imagens_capturadas\rede_serve_mais\Fecha-Mes-Ago2026-WEB_51-261x300.webp
2026-08-28 14:35:59 | DEBUG    | scraper.image_capture | Imagem salva: C:\Users\USUARIO\Documents\Projetos\supermarket_scanner\output\imagens_capturadas\rede_serve_mais\Fecha-Mes-Ago2026-WEB_52-261x300.webp
2026-08-28 14:35:59 | DEBUG    | scraper.image_capture | Imagem salva: C:\Users\USUARIO\Documents\Projetos\supermarket_scanner\output\imagens_capturadas\rede_serve_mais\Fecha-Mes-Ago2026-WEB_53-261x300.webp
2026-08-28 14:35:59 | DEBUG    | scraper.image_capture | Imagem salva: C:\Users\USUARIO\Documents\Projetos\supermarket_scanner\output\imagens_capturadas\rede_serve_mais\Fecha-Mes-Ago2026-WEB_54-261x300.webp
2026-08-28 14:35:59 | DEBUG    | scraper.image_capture | Imagem salva: C:\Users\USUARIO\Documents\Projetos\supermarket_scanner\output\imagens_capturadas\rede_serve_mais\Fecha-Mes-Ago2026-WEB_55-261x300.webp
2026-08-28 14:35:59 | DEBUG    | scraper.image_capture | Imagem salva: C:\Users\USUARIO\Documents\Projetos\supermarket_scanner\output\imagens_capturadas\rede_serve_mais\Fecha-Mes-Ago2026-WEB_56-261x300.webp
2026-08-28 14:35:59 | DEBUG    | scraper.image_capture | Imagem salva: C:\Users\USUARIO\Documents\Projetos\supermarket_scanner\output\imagens_capturadas\rede_serve_mais\Fecha-Mes-Ago2026-WEB_57-261x300.webp
2026-08-28 14:35:59 | DEBUG    | scraper.image_capture | Imagem salva: C:\Users\USUARIO\Documents\Projetos\supermarket_scanner\output\imagens_capturadas\rede_serve_mais\Fecha-Mes-Ago2026-WEB_58-261x300.webp
2026-08-28 14:35:59 | DEBUG    | scraper.image_capture | Imagem salva: C:\Users\USUARIO\Documents\Projetos\supermarket_scanner\output\imagens_capturadas\rede_serve_mais\Fecha-Mes-Ago2026-WEB_59-261x300.webp
2026-08-28 14:35:59 | DEBUG    | scraper.image_capture | Imagem salva: C:\Users\USUARIO\Documents\Projetos\supermarket_scanner\output\imagens_capturadas\rede_serve_mais\Fecha-Mes-Ago2026-WEB_6-261x300.webp
2026-08-28 14:36:00 | DEBUG    | scraper.image_capture | Imagem salva: C:\Users\USUARIO\Documents\Projetos\supermarket_scanner\output\imagens_capturadas\rede_serve_mais\Fecha-Mes-Ago2026-WEB_60-261x300.webp
2026-08-28 14:36:00 | DEBUG    | scraper.image_capture | Imagem salva: C:\Users\USUARIO\Documents\Projetos\supermarket_scanner\output\imagens_capturadas\rede_serve_mais\Fecha-Mes-Ago2026-WEB_61-261x300.webp
2026-08-28 14:36:00 | DEBUG    | scraper.image_capture | Imagem salva: C:\Users\USUARIO\Documents\Projetos\supermarket_scanner\output\imagens_capturadas\rede_serve_mais\Fecha-Mes-Ago2026-WEB_62-261x300.webp
2026-08-28 14:36:00 | DEBUG    | scraper.image_capture | Imagem salva: C:\Users\USUARIO\Documents\Projetos\supermarket_scanner\output\imagens_capturadas\rede_serve_mais\Fecha-Mes-Ago2026-WEB_63-261x300.webp
2026-08-28 14:36:00 | DEBUG    | scraper.image_capture | Imagem salva: C:\Users\USUARIO\Documents\Projetos\supermarket_scanner\output\imagens_capturadas\rede_serve_mais\Fecha-Mes-Ago2026-WEB_64-261x300.webp
2026-08-28 14:36:00 | DEBUG    | scraper.image_capture | Imagem salva: C:\Users\USUARIO\Documents\Projetos\supermarket_scanner\output\imagens_capturadas\rede_serve_mais\Fecha-Mes-Ago2026-WEB_7-261x300.webp
2026-08-28 14:36:00 | DEBUG    | scraper.image_capture | Imagem salva: C:\Users\USUARIO\Documents\Projetos\supermarket_scanner\output\imagens_capturadas\rede_serve_mais\Fecha-Mes-Ago2026-WEB_8-261x300.webp
2026-08-28 14:36:00 | DEBUG    | scraper.image_capture | Imagem salva: C:\Users\USUARIO\Documents\Projetos\supermarket_scanner\output\imagens_capturadas\rede_serve_mais\Fecha-Mes-Ago2026-WEB_9-261x300.webp
2026-08-28 14:36:00 | DEBUG    | scraper.image_capture | Imagem salva: C:\Users\USUARIO\Documents\Projetos\supermarket_scanner\output\imagens_capturadas\rede_serve_mais\Header-fecha-mes-agosto-2-1024x640.webp
2026-08-28 14:36:00 | INFO     | scraper.image_capture | Total de imagens baixadas com sucesso: 80
2026-08-28 14:36:00 | INFO     | main | Coleta finalizada em 'Rede Serve Mais': 80 imagem(ns) baixada(s)
2026-08-28 14:36:00 | INFO     | main | Execução concluída. 80 imagem(ns) salva(s) em output/imagens_capturadas/
